// Jest Snapshot v1, https://goo.gl/fbAQLP

exports[`Formats should render 1`] = `
<Component>
  <I18nProvider
    i18n={
      Object {
        "_catalogs": Object {
          "en": Object {
            "localeData": Object {
              "plurals": [Function],
            },
          },
        },
        "_dev": Object {
          "compile": [Function],
          "loadLocaleData": [Function],
        },
        "_didActivate": Array [
          [Function],
        ],
        "_locale": "en",
        "_locales": undefined,
        "_willActivate": Array [],
      }
    }
  >
    <Formats>
      <div>
        <ul>
          <li>
            <Trans$$1
              className="percent"
              id="The answer is {answer,number,percent}"
              values={
                Object {
                  "answer": 0.42,
                }
              }
            >
              The answer is 42%
            </Trans$$1>
          </li>
          <li>
            <Trans$$1
              className="date"
              id="Today is {now,date}"
              values={
                Object {
                  "now": 2017-04-05T11:14:00.000Z,
                }
              }
            >
              Today is 4/5/2017
            </Trans$$1>
          </li>
        </ul>
      </div>
    </Formats>
  </I18nProvider>
</Component>
`;
